{
    "proteinfamilies - hmmsearch - fasta": {
        "content": [
            {
                "0": [
                    [
                        {
                            "id": "filtering"
                        },
                        "filtering_null.fasta.gz:md5,ccf5eb969a8751fe21a8fec277f30953"
                    ]
                ],
                "1": [
                    "versions.yml:md5,b9ebaa78156a9cdd16c4ea79dae93950"
                ],
                "fasta": [
                    [
                        {
                            "id": "filtering"
                        },
                        "filtering_null.fasta.gz:md5,ccf5eb969a8751fe21a8fec277f30953"
                    ]
                ],
                "versions": [
                    "versions.yml:md5,b9ebaa78156a9cdd16c4ea79dae93950"
                ]
            }
        ],
        "meta": {
            "nf-test": "0.9.2",
            "nextflow": "24.10.5"
        },
        "timestamp": "2025-03-26T12:49:18.246171832"
    },
    "proteinfamilies - hmmsearch - fasta - stub": {
        "content": [
            {
                "0": [
                    [
                        {
                            "id": "filtering"
                        },
                        "filtering_null.fasta.gz:md5,68b329da9893e34099c7d8ad5cb9c940"
                    ]
                ],
                "1": [
                    "versions.yml:md5,b9ebaa78156a9cdd16c4ea79dae93950"
                ],
                "fasta": [
                    [
                        {
                            "id": "filtering"
                        },
                        "filtering_null.fasta.gz:md5,68b329da9893e34099c7d8ad5cb9c940"
                    ]
                ],
                "versions": [
                    "versions.yml:md5,b9ebaa78156a9cdd16c4ea79dae93950"
                ]
            }
        ],
        "meta": {
            "nf-test": "0.9.2",
            "nextflow": "24.10.5"
        },
        "timestamp": "2025-03-26T12:49:39.946682352"
    }
}