{
    "proteinfamilies - nonredundant - stub": {
        "content": [
            {
                "0": [
                    [
                        {
                            "id": "aln"
                        },
                        "test.aln:md5,d41d8cd98f00b204e9800998ecf8427e"
                    ]
                ],
                "1": [
                    "versions.yml:md5,36997366ce1de5272a1208b9c3cad892"
                ],
                "filtered": [
                    [
                        {
                            "id": "aln"
                        },
                        "test.aln:md5,d41d8cd98f00b204e9800998ecf8427e"
                    ]
                ],
                "versions": [
                    "versions.yml:md5,36997366ce1de5272a1208b9c3cad892"
                ]
            }
        ],
        "meta": {
            "nf-test": "0.9.2",
            "nextflow": "25.04.3"
        },
        "timestamp": "2025-06-13T15:17:06.261303697"
    },
    "proteinfamilies - nonredundant": {
        "content": [
            [
                [
                    {
                        "id": "aln"
                    },
                    "mgnifams_test_2.aln:md5,62ba4732047ba75151f735c2399973a4"
                ]
            ],
            [
                {
                    "FILTER_NON_REDUNDANT_FAMS": {
                        "python": "3.13.1"
                    }
                }
            ]
        ],
        "meta": {
            "nf-test": "0.9.2",
            "nextflow": "25.04.3"
        },
        "timestamp": "2025-06-13T15:16:53.342516494"
    }
}