{
    "fasta - famsa - stub": {
        "content": [
            {
                "0": [
                    "versions.yml:md5,cbb230db362dd90a73a8a916b4448d5e"
                ],
                "1": [
                    [
                        {
                            "id": "test_famsa_stub"
                        },
                        "test_famsa_stub_null.aln:md5,d41d8cd98f00b204e9800998ecf8427e"
                    ]
                ],
                "alignments": [
                    [
                        {
                            "id": "test_famsa_stub"
                        },
                        "test_famsa_stub_null.aln:md5,d41d8cd98f00b204e9800998ecf8427e"
                    ]
                ],
                "versions": [
                    "versions.yml:md5,cbb230db362dd90a73a8a916b4448d5e"
                ]
            }
        ],
        "meta": {
            "nf-test": "0.9.2",
            "nextflow": "24.10.5"
        },
        "timestamp": "2025-03-25T10:36:25.613783976"
    },
    "fasta - famsa": {
        "content": [
            {
                "0": [
                    "versions.yml:md5,cbb230db362dd90a73a8a916b4448d5e"
                ],
                "1": [
                    [
                        {
                            "id": "test_famsa"
                        },
                        "test_famsa_null.aln:md5,61de03fefaa5f2501b65ba44f8a3fd2d"
                    ]
                ],
                "alignments": [
                    [
                        {
                            "id": "test_famsa"
                        },
                        "test_famsa_null.aln:md5,61de03fefaa5f2501b65ba44f8a3fd2d"
                    ]
                ],
                "versions": [
                    "versions.yml:md5,cbb230db362dd90a73a8a916b4448d5e"
                ]
            }
        ],
        "meta": {
            "nf-test": "0.9.2",
            "nextflow": "24.10.5"
        },
        "timestamp": "2025-03-25T10:35:29.565556703"
    },
    "fasta - mafft": {
        "content": [
            {
                "0": [
                    "versions.yml:md5,d454b643526f65a83b3f26bfdfeb9f10"
                ],
                "1": [
                    [
                        {
                            "id": "test_mafft"
                        },
                        "test_mafft_null.fas:md5,61de03fefaa5f2501b65ba44f8a3fd2d"
                    ]
                ],
                "alignments": [
                    [
                        {
                            "id": "test_mafft"
                        },
                        "test_mafft_null.fas:md5,61de03fefaa5f2501b65ba44f8a3fd2d"
                    ]
                ],
                "versions": [
                    "versions.yml:md5,d454b643526f65a83b3f26bfdfeb9f10"
                ]
            }
        ],
        "meta": {
            "nf-test": "0.9.2",
            "nextflow": "24.10.5"
        },
        "timestamp": "2025-03-25T10:36:14.655653162"
    },
    "fasta - mafft - stub": {
        "content": [
            {
                "0": [
                    "versions.yml:md5,d454b643526f65a83b3f26bfdfeb9f10"
                ],
                "1": [
                    [
                        {
                            "id": "test_mafft_stub"
                        },
                        "test_mafft_stub_null.fas:md5,d41d8cd98f00b204e9800998ecf8427e"
                    ]
                ],
                "alignments": [
                    [
                        {
                            "id": "test_mafft_stub"
                        },
                        "test_mafft_stub_null.fas:md5,d41d8cd98f00b204e9800998ecf8427e"
                    ]
                ],
                "versions": [
                    "versions.yml:md5,d454b643526f65a83b3f26bfdfeb9f10"
                ]
            }
        ],
        "meta": {
            "nf-test": "0.9.2",
            "nextflow": "24.10.5"
        },
        "timestamp": "2025-03-25T10:36:37.695112353"
    }
}