{
    "proteinfamilies - fasta - stub": {
        "content": [
            [
                [
                    {
                        "id": "fasta"
                    },
                    "fasta_stats_mqc.csv:md5,d41d8cd98f00b204e9800998ecf8427e"
                ]
            ],
            [
                "versions.yml:md5,791b25a2fb44cdeac69275dd1a9771db"
            ],
            {
                "SEQKIT_STATS_TO_MQC": {
                    "sed": 4.7
                }
            }
        ],
        "meta": {
            "nf-test": "0.9.2",
            "nextflow": "25.04.4"
        },
        "timestamp": "2025-08-01T15:18:46.42441909"
    },
    "proteinfamilies - fasta": {
        "content": [
            [
                [
                    {
                        "id": "fasta"
                    },
                    "fasta_stats_mqc.csv:md5,5f33427a3dc0b0e0b38df473612e269e"
                ]
            ],
            [
                "versions.yml:md5,791b25a2fb44cdeac69275dd1a9771db"
            ],
            {
                "SEQKIT_STATS_TO_MQC": {
                    "sed": 4.7
                }
            }
        ],
        "meta": {
            "nf-test": "0.9.2",
            "nextflow": "25.04.4"
        },
        "timestamp": "2025-08-01T15:18:39.362154509"
    }
}