{
    "faa - stub": {
        "content": [
            {
                "0": [
                    [
                        {
                            "id": "test_stub"
                        },
                        "test_stub.fasta:md5,d41d8cd98f00b204e9800998ecf8427e"
                    ]
                ],
                "1": [
                    [
                        {
                            "id": "test_stub"
                        },
                        "test_stub_after_mqc.txt:md5,d41d8cd98f00b204e9800998ecf8427e"
                    ],
                    [
                        {
                            "id": "test_stub"
                        },
                        "test_stub_before_mqc.txt:md5,d41d8cd98f00b204e9800998ecf8427e"
                    ]
                ],
                "2": [
                    "versions.yml:md5,0b51b607226ce4fdddba0f37cd0e8e4f",
                    "versions.yml:md5,41d53cf3c37b136275f29fde4e30310c",
                    "versions.yml:md5,5a99fb56bd8aa89101e7e813a2d5a2ea",
                    "versions.yml:md5,8220b546bc6e8498dfb50157f483168b",
                    "versions.yml:md5,be78f4b71c966aed72aa8915c14b94bd"
                ],
                "fasta": [
                    [
                        {
                            "id": "test_stub"
                        },
                        "test_stub.fasta:md5,d41d8cd98f00b204e9800998ecf8427e"
                    ]
                ],
                "multiqc_files": [
                    [
                        {
                            "id": "test_stub"
                        },
                        "test_stub_after_mqc.txt:md5,d41d8cd98f00b204e9800998ecf8427e"
                    ],
                    [
                        {
                            "id": "test_stub"
                        },
                        "test_stub_before_mqc.txt:md5,d41d8cd98f00b204e9800998ecf8427e"
                    ]
                ],
                "versions": [
                    "versions.yml:md5,0b51b607226ce4fdddba0f37cd0e8e4f",
                    "versions.yml:md5,41d53cf3c37b136275f29fde4e30310c",
                    "versions.yml:md5,5a99fb56bd8aa89101e7e813a2d5a2ea",
                    "versions.yml:md5,8220b546bc6e8498dfb50157f483168b",
                    "versions.yml:md5,be78f4b71c966aed72aa8915c14b94bd"
                ]
            },
            [
                {
                    "CHECK_QUALITY:SEQFU_STATS_BEFORE": {
                        "seqfu": "1.20.3"
                    }
                },
                {
                    "CHECK_QUALITY:SEQFU_STATS_AFTER": {
                        "seqfu": "1.20.3"
                    }
                },
                {
                    "CHECK_QUALITY:SEQKIT_SEQ": {
                        "seqkit": "v2.9.0"
                    }
                },
                {
                    "CHECK_QUALITY:SEQKIT_REPLACE": {
                        "seqkit": "2.9.0"
                    }
                },
                {
                    "CHECK_QUALITY:SEQKIT_RMDUP": {
                        "seqkit": "v2.9.0"
                    }
                }
            ]
        ],
        "meta": {
            "nf-test": "0.9.2",
            "nextflow": "25.04.6"
        },
        "timestamp": "2025-09-24T13:07:09.806064938"
    },
    "faa": {
        "content": [
            [
                [
                    {
                        "id": "test_faa"
                    },
                    "test_faa.fasta:md5,242b2a540b013689b51f8814fab92817"
                ]
            ],
            [
                [
                    {
                        "id": "test_faa"
                    },
                    "test_faa_after_mqc.txt:md5,df3ef98dfd4bb4e3af1a993b005c27d8"
                ],
                [
                    {
                        "id": "test_faa"
                    },
                    "test_faa_before_mqc.txt:md5,1c0c35b4d944b5bc09f4e23a1e0faebc"
                ]
            ],
            [
                {
                    "CHECK_QUALITY:SEQFU_STATS_BEFORE": {
                        "seqfu": "1.20.3"
                    }
                },
                {
                    "CHECK_QUALITY:SEQFU_STATS_AFTER": {
                        "seqfu": "1.20.3"
                    }
                },
                {
                    "CHECK_QUALITY:SEQKIT_SEQ": {
                        "seqkit": "v2.9.0"
                    }
                },
                {
                    "CHECK_QUALITY:SEQKIT_REPLACE": {
                        "seqkit": "2.9.0"
                    }
                },
                {
                    "CHECK_QUALITY:SEQKIT_RMDUP": {
                        "seqkit": "v2.9.0"
                    }
                }
            ]
        ],
        "meta": {
            "nf-test": "0.9.2",
            "nextflow": "25.04.6"
        },
        "timestamp": "2025-09-24T13:07:00.378564521"
    }
}